error_0_0 true
message_0_0 true
unique_fields_0 true
recovery_0_0 true
error_0_1 true
message_0_1 true
recovery_0_1 true
error_0_2 true
message_0_2 true
null_fields_0 true
recovery_0_2 true
error_0_3 true
message_0_3 true
recovery_0_3 true
error_0_4 true
message_0_4 true
syntax_position_0 true
recovery_0_4 true
error_0_5 true
message_0_5 true
recovery_0_5 true
error_0_6 true
message_0_6 true
recovery_0_6 true
error_0_7 true
message_0_7 true
recovery_0_7 true
error_0_8 true
message_0_8 true
recovery_0_8 true
error_0_9 true
message_0_9 true
recovery_0_9 true
error_0_10 true
message_0_10 true
recovery_0_10 true
error_0_11 true
message_0_11 true
recovery_0_11 true
error_0_12 true
message_0_12 true
recovery_0_12 true
error_0_13 true
message_0_13 true
recovery_0_13 true
error_0_14 true
message_0_14 true
recovery_0_14 true
error_0_15 true
message_0_15 true
recovery_0_15 true
error_0_16 true
message_0_16 true
recovery_0_16 true
error_0_17 true
message_0_17 true
custom_fields_0 true
recovery_0_17 true
error_0_18 true
message_0_18 true
internal_fields_0 true
recovery_0_18 true
error_1_0 true
message_1_0 true
unique_fields_1 true
recovery_1_0 true
error_1_1 true
message_1_1 true
recovery_1_1 true
error_1_2 true
message_1_2 true
null_fields_1 true
recovery_1_2 true
error_1_3 true
message_1_3 true
recovery_1_3 true
error_1_4 true
message_1_4 true
syntax_position_1 true
recovery_1_4 true
error_1_5 true
message_1_5 true
recovery_1_5 true
error_1_6 true
message_1_6 true
recovery_1_6 true
error_1_7 true
message_1_7 true
recovery_1_7 true
error_1_8 true
message_1_8 true
recovery_1_8 true
error_1_9 true
message_1_9 true
recovery_1_9 true
error_1_10 true
message_1_10 true
recovery_1_10 true
error_1_11 true
message_1_11 true
recovery_1_11 true
error_1_12 true
message_1_12 true
recovery_1_12 true
error_1_13 true
message_1_13 true
recovery_1_13 true
error_1_14 true
message_1_14 true
recovery_1_14 true
error_1_15 true
message_1_15 true
recovery_1_15 true
error_1_16 true
message_1_16 true
recovery_1_16 true
error_1_17 true
message_1_17 true
custom_fields_1 true
recovery_1_17 true
error_1_18 true
message_1_18 true
internal_fields_1 true
recovery_1_18 true
error_2_0 true
message_2_0 true
unique_fields_2 true
recovery_2_0 true
error_2_1 true
message_2_1 true
recovery_2_1 true
error_2_2 true
message_2_2 true
null_fields_2 true
recovery_2_2 true
error_2_3 true
message_2_3 true
recovery_2_3 true
error_2_4 true
message_2_4 true
syntax_position_2 true
recovery_2_4 true
error_2_5 true
message_2_5 true
recovery_2_5 true
error_2_6 true
message_2_6 true
recovery_2_6 true
error_2_7 true
message_2_7 true
recovery_2_7 true
error_2_8 true
message_2_8 true
recovery_2_8 true
error_2_9 true
message_2_9 true
recovery_2_9 true
error_2_10 true
message_2_10 true
recovery_2_10 true
error_2_11 true
message_2_11 true
recovery_2_11 true
error_2_12 true
message_2_12 true
recovery_2_12 true
error_2_13 true
message_2_13 true
recovery_2_13 true
error_2_14 true
message_2_14 true
recovery_2_14 true
error_2_15 true
message_2_15 true
recovery_2_15 true
error_2_16 true
message_2_16 true
recovery_2_16 true
error_2_17 true
message_2_17 true
custom_fields_2 true
recovery_2_17 true
error_2_18 true
message_2_18 true
internal_fields_2 true
recovery_2_18 true
bind_0 true
bind_recovery_0 true
bind_1 true
bind_recovery_1 true
batch_error true
batch_recovery true
cached_plan true
cached_plan_fields true
cached_plan_recovery true
transaction_error true
transaction_failed true
transaction_aborted true
transaction_recovered true
done
